== fm-omp-harness (ANTIGRAVITY_AGENT=1)
ok - fm-harness: omp detects by its anchored name; the marker is a precedence override that needs real omp ancestry
ok - session lock and tmux liveness: omp is anchored, decoys stay out
ok - fm-spawn: the omp launch line clears markers, pins posture, and wires the state-resident extension
ok - fm-spawn: omp model validation is scoped to providers the listing can prove
ok - fm-spawn: a real omp secondmate launch relies on auto-discovery while crewmates load one -e
ok - fm-spawn: the config/secondmate-harness model pin is validated against the omp catalog before launch
ok - omp extension: agent_start busy, willContinue stays busy, plain agent_end idle, turn_end a notification
ok - control, composer, and supervision-model tables carry omp's verified values
ok - fm-wake-lib: the omp ownership proof is keyed on its own extensions and gates the hand-off tolerance
ok - .omp turn-end guard: digest delivery, seatbelt block, one compelled continuation, flagged stop stands down
ok - .omp watch extension: fm_watch_arm_omp arms once, repeats as a no-op, and delivers an actionable close as one follow-up
exit=0
== fm-rovo-harness (ANTIGRAVITY_AGENT=1)
ok - fm-spawn: rovo launches bare, waits for readiness, and delivers its brief pointer
ok - fm-spawn: rovo omits efficiencyLevel for xhigh but keeps its allowedExternalPaths grant, recording xhigh in task metadata
ok - fm-spawn: rovo's supported effort values merge into the same --config-override as its allowedExternalPaths grant
ok - fm-spawn: rovo never sends the brief pointer before an observable ready signal, and tears down the created endpoint on failure
ok - fm-spawn: rovo treats a silent pointer drop as a failed spawn, and tears down the created endpoint
ok - fm-spawn: missing rovo executable refuses before pane creation
ok - fm-spawn: rovo cannot be launched as a secondmate
ok - fm-harness: rovo's markers outrank an inherited CLAUDECODE, and markerless ancestry still resolves rovo
ok - fm-control-lib: rovo's lifecycle table matches its verified facts
ok - busy detection: rovo's rendered busy line classifies through its own isolated fallback
ok - busy detection: a rovo busy marker scrolled out of the tail classifies unknown, never idle
exit=0
