ok - a remote-seeded secondmate home allocates and launches from its Treehouse pool
ok - linked spawning home: primary preserves the primary before any refresh
ok - linked spawning home: primary-alias preserves the primary before any refresh
ok - linked spawning home: spawning preserves the primary before any refresh
ok - linked spawning home: scout preserves the primary before any refresh
ok - a stale pooled worktree refreshes to current origin/main before a crew branch is created
ok - a stale pooled worktree resolves and refreshes a non-main default branch
ok - direct-PR ships and scouts both refresh stale pooled worktrees before launch
ok - a dirty pooled worktree is refused without discarding its local work
ok - an unresolved remote default branch refuses the pooled worktree
ok - an unreachable origin refuses a potentially stale pooled worktree
ok - a stale pooled worktree with no origin remote refreshes to the project's current local default branch for scout and local-only ship
ok - a dirty pooled worktree with no origin remote is refused without discarding its local work
ok - a pooled worktree with no origin remote and no resolvable local default branch refuses clearly
ok - a remote-required delivery mode refuses a project with no origin remote before any agent launches
ok - a ship brief's recorded origin expectation must agree with the project's actual remote
ok - a brief with no delivery contract line is still paired against the project's actual remote
ok - an origin-less pooled worktree launches as-is, skipping the freshness gate
ok - a dirty origin-less pooled worktree is refused without discarding its local work
ok - an origin configuration without a URL refuses the pooled worktree
ok - an empty origin configuration section refuses the pooled worktree
ok - an empty-only included origin section documents the accepted detection boundary
ok - an inactive conditional origin include leaves the pooled worktree origin-less
ok - an origin-less pool with a stale submodule pin refuses while naming both pins and no remedy
ok - an unpushed submodule commit keeps the uncommitted-work refusal and survives it
ok - work inside a submodule is still refused as uncommitted work, not called stale
ok - a stale pin carrying real work is refused conservatively, never called stale
ok - a stale pin beside other dirt yields the conservative refusal alone, with no stale-pin line
# all fm-spawn-pool-base-freshen tests passed
